// Jest Snapshot v1, https://goo.gl/fbAQLP

exports[`Snapshots - ResultsGrid ResultsGrid 1`] = `
<DocumentFragment>
  .c0 {
  padding: 0.75rem 1.5rem 0 1.5rem;
}

@media (max-width:1279px) {
  .c0 {
    padding: 0.75rem 1rem 0 1rem;
  }
}

@media (max-width:1023px) {
  .c0 {
    padding-top: 1.25rem;
  }
}

@media (max-width:767px) {
  .c0 {
    padding: 0 0rem 0 0rem;
    margin-top: 0.75rem;
  }
}

<div
    class="MuiGrid-root c0"
  >
    Test
  </div>
</DocumentFragment>
`;
