// Jest Snapshot v1, https://goo.gl/fbAQLP

exports[`Components - BurgerButton:  should match the snapshot 1`] = `
<DocumentFragment>
  <button
    aria-label="Mobile Menu Toggle"
    class="component__Button-sc-1l1bm2s-0 itVwJG"
    type="button"
  >
    <img
      alt="burger icon"
      src="/static-content/icons/meganav/shared/menu.svg"
    />
  </button>
</DocumentFragment>
`;
