// Jest Snapshot v1, https://goo.gl/fbAQLP

exports[`Facets Filters Components StyledExpansionPanel 1`] = `
<DocumentFragment>
  <div
    class="MuiPaper-root MuiExpansionPanel-root MuiExpansionPanel-rounded MuiPaper-elevation1 MuiPaper-rounded"
  >
    <div
      aria-disabled="false"
      aria-expanded="false"
      class="MuiButtonBase-root MuiExpansionPanelSummary-root WithStyles(ForwardRef(ExpansionPanelSummary))-root-1"
      role="button"
      tabindex="0"
    >
      <div
        class="MuiExpansionPanelSummary-content WithStyles(ForwardRef(ExpansionPanelSummary))-content-4"
      >
        TEST
      </div>
    </div>
    <div
      class="MuiCollapse-container MuiCollapse-hidden"
      style="min-height: 0px;"
    >
      <div
        class="MuiCollapse-wrapper"
      >
        <div
          class="MuiCollapse-wrapperInner"
        >
          <div
            role="region"
          >
            <div
              class="MuiExpansionPanelDetails-root WithStyles(ForwardRef(ExpansionPanelDetails))-root-6"
            >
              TEST
            </div>
          </div>
        </div>
      </div>
    </div>
  </div>
</DocumentFragment>
`;
