// Jest Snapshot v1, https://goo.gl/fbAQLP

exports[`Catalogue should match the snapshot 1`] = `
<DocumentFragment>
  <div
    class="component__Container-sc-1e724dy-1 kTrXNe"
    data-testid="catalogue"
    id="catalogue"
  >
    <div
      class="component__Column-sc-1e724dy-2 gJLvzn"
    >
      <div>
        CatalogueList
      </div>
    </div>
  </div>
</DocumentFragment>
`;
