// Jest Snapshot v1, https://goo.gl/fbAQLP

exports[`Given Constants should match PAGE_TYPES 1`] = `
Object {
  "/": "homePage",
  "/boys": "boysLandingPage",
  "/branded": "brandedLandingPage",
  "/brands/all": "atozBrands",
  "/brands/beauty": "atozBrands",
  "/brands/boys": "atozBrands",
  "/brands/fragrances": "atozBrands",
  "/brands/girls": "atozBrands",
  "/brands/homeware": "atozBrands",
  "/brands/lipsy": "atozBrands",
  "/brands/men": "atozBrands",
  "/brands/sports": "atozBrands",
  "/brands/women": "atozBrands",
  "/clearance": "clearance",
  "/credit-account": "creditAccount",
  "/delivery-service": "deliveryInformation",
  "/error": "error",
  "/evouchers": "eVouchers",
  "/favourites": "favouritesListPage",
  "/girls": "girlsLandingPage",
  "/help": "help",
  "/help/contact-us": "contactUs",
  "/homeware": "homewareLandingPage",
  "/lipsy": "lipsyLandingPage",
  "/logout": "accountLoggedout",
  "/men": "menLandingPage",
  "/privacy": "privacy",
  "/privacypolicy": "cookiesAndPrivacyPolicy",
  "/quickshop": "quickshop",
  "/search": "searchResults",
  "/secure/checkout/complete": "checkoutOrderConfirmation",
  "/secure/checkout/delivery": "checkoutDeliveryOptions",
  "/secure/checkout/delivery/intlChangeLocalShop": "InternationalLocalShopSearch",
  "/secure/checkout/legal/creditagreement": "checkoutCreditSignUpSECCICreditAgreement",
  "/secure/checkout/legal/importantinformation": "checkoutCreditSignUpSECCIImportantInformation",
  "/secure/checkout/legal/precontractagreement": "checkoutCreditSignUpSECCIPreContractAgreement",
  "/secure/checkout/payment": "checkoutWaysToPay",
  "/secure/checkout/payment/card": "checkoutCardPaymentCheckout",
  "/secure/checkout/payment/giftcard": "checkoutGiftCardEvoucherPayment",
  "/secure/checkout/payment/securitycheck": "checkoutOnePennyAuth",
  "/shop": "productListPage",
  "/shoppingbag": "shoppingBag",
  "/site-map": "sitemap",
  "/stores": "storeLocator",
  "/terms": "termsAndConditions",
  "/women": "womenLandingPage",
}
`;
