// Jest Snapshot v1, https://goo.gl/fbAQLP

exports[`CollaspedPriceFilter component should render the component 1`] = `
<DocumentFragment>
  .c0 {
  margin: 0.5rem 0 0;
}

<h5
    class="MuiTypography-root c0 MuiTypography-h5"
    data-testid="plp-collasped-price-name"
  >
    Test2 with options:
  </h5>
  .c0 {
  text-overflow: ellipsis;
  max-width: 210px;
  white-space: nowrap;
  overflow: hidden;
  display: block;
  font-size: 0.875rem;
  -webkit-letter-spacing: 0.008rem;
  -moz-letter-spacing: 0.008rem;
  -ms-letter-spacing: 0.008rem;
  letter-spacing: 0.008rem;
  line-height: 1.5;
}

<span
    class="c0"
    data-testid="plp-collasped-price-info"
  >
    From £30 - £70
  </span>
</DocumentFragment>
`;
