// Jest Snapshot v1, https://goo.gl/fbAQLP

exports[`Model - settings:  should match the SettingsSdkKeys 1`] = `
Object {
  "appCache": "header.frontend.appCacheTTL",
  "autoComplete": "header.frontend.autoComplete",
  "bloomReachCachingCookieList": "header.frontend.bloomReachCachingCookieList",
  "bloomReachCachingEnabled": "header.frontend.bloomReachCachingEnabled",
  "bloomreachDomainKey": "header.frontend.bloomreachDomainKey",
  "bloomreachGroupLocation": "header.frontend.bloomreachGroupLocation",
  "bookmarkTitle": "header.frontend.bookmarkTitle",
  "cacheControl": "header.frontend.cache-control.max-age",
  "cacheControlDefault": "header.frontend.cache-control.default-header.max-age",
  "correlationHeaderName": "x-monorepo-correlation-id",
  "countrySelector": "header.frontend.countrySelector",
  "countrySelectorVersion": "header.frontend.countrySelectorVersion",
  "currencyCode": "header.frontend.currencyCode",
  "defaultDataVersion": "header.frontend.defaultDataVersion",
  "direction": "header.frontend.direction",
  "enableABPlatformTesting": "header.frontend.abPlatformTesting.enabled",
  "enableFavourites": "header.frontend.enableFavourites",
  "enableGoogleAnalyticsSDK": "header.frontend.enableGoogleAnalyticsSDK",
  "enableQueueIt": "header.frontend.enableQueueIt",
  "enableSaleWarningModal": "header.frontend.enableSaleWarningModal",
  "featureSwitch": "header.frontend.featureSwitch",
  "fullTerritoryName": "header.frontend.fullTerritoryName",
  "geolocationVersion": "header.frontend.geolocationVersion",
  "googleAnalytics": "header.frontend.googleAnalytics",
  "language": "header.frontend.languageName",
  "languageId": "header.alternativeLanguages",
  "monetateSDK": "header.frontend.monetateSDK",
  "realm": "header.frontend.realmName",
  "style": "header.frontend.style",
  "template": "header.frontend.template",
  "territory": "header.frontend.territoryName",
  "textData": "header.frontend.textData",
  "themeVersion": "header.frontend.themeVersion",
  "userConsentManagement": "header.frontend.userConsentManagement.enabled",
  "variant": "header.frontend.variant",
}
`;
