// Jest Snapshot v1, https://goo.gl/fbAQLP

exports[`Model - ProductSummaryState:  should match the ProductSummaryState 1`] = `
Object {
  "animateFavouriteIcon": false,
  "canLoadVisibleColourways": false,
  "enableBrandDisplay": false,
  "enableFav": false,
  "enableReviewStars": false,
  "enabledSearchDesc": false,
  "hasLoadedVisibleColourways": false,
  "isFav": false,
  "isLoadingFav": false,
  "showFavErrorToolTip": null,
  "summaryData": Object {
    "baseUrl": "http://test.co.uk",
    "brand": "nike",
    "colourways": Array [
      Object {
        "colour": "White",
        "colourChipImage": "http://testcdn.co.uk/AltItemSwatch/21x21/99434296.jpg",
        "fits": Array [
          "Tall",
        ],
        "id": "99434296",
        "mainImage": "http://testcdn.co.uk/search/224x336/99434296.jpg",
        "minPrice": "",
        "overallStarRating": 0,
        "personalisedType": "",
        "price": "£123",
        "salePrice": null,
        "selected": true,
        "title": "White",
        "url": "g5990s21/845632#845632",
        "wasPrice": null,
      },
      Object {
        "colour": "Black",
        "colourChipImage": "http://testcdn.co.uk/AltItemSwatch/21x21/434296.jpg",
        "fits": Array [
          "Tall",
          "Petite",
        ],
        "id": "434296",
        "mainImage": "http://testcdn.co.uk/search/224x336/434296.jpg",
        "minPrice": "",
        "overallStarRating": 0,
        "personalisedType": "",
        "price": "£99",
        "salePrice": null,
        "selected": false,
        "title": "Black",
        "url": "g5990s21/845632#845632",
        "wasPrice": null,
      },
    ],
    "currencyCode": "GBP",
    "department": "menswear",
    "id": "00000",
    "imageCdnUrl": "http://testcdn.co.uk",
    "productImageUrlPart": "search",
    "saleSash": null,
    "saleSashPosition": null,
    "showNewIn": false,
    "title": "My Product",
    "type": "product",
  },
}
`;
