// Jest Snapshot v1, https://goo.gl/fbAQLP

exports[`Components - Banner:  should match the snapshot 1`] = `
<DocumentFragment>
  <div
    class="component__Container-sc-18xwadt-0 dPjzmt"
    data-testid="banner"
  >
    <a
      href="/en/gb/sampletarget"
    >
      <img
        alt="Banner image"
        src="/sampleimageurl"
      />
    </a>
  </div>
</DocumentFragment>
`;
