// Jest Snapshot v1, https://goo.gl/fbAQLP

exports[`components: Favourites should match the snapshot Container 1`] = `
<DocumentFragment>
  .c0 {
  display: -webkit-box;
  display: -webkit-flex;
  display: -ms-flexbox;
  display: flex;
  -webkit-box-pack: center;
  -webkit-justify-content: center;
  -ms-flex-pack: center;
  justify-content: center;
  -webkit-align-content: center;
  -ms-flex-line-pack: center;
  align-content: center;
}

.c0 a {
  display: -webkit-box;
  display: -webkit-flex;
  display: -ms-flexbox;
  display: flex;
  -webkit-box-pack: center;
  -webkit-justify-content: center;
  -ms-flex-pack: center;
  justify-content: center;
  height: 2.75rem;
}

.c0 img {
  width: 5.375rem;
  height: 2.75rem;
  padding: 0.625rem 0;
}

@media (min-width:768px) {
  .c0 a {
    height: 2.75rem;
    margin: 10rem;
  }
}

@media (min-width:768px) {
  .c0 img {
    width: 5.375rem;
    height: 2.75rem;
  }
}

<div
    class="c0"
  />
</DocumentFragment>
`;
