// Jest Snapshot v1, https://goo.gl/fbAQLP

exports[`Model - State:  should match the State 1`] = `
Object {
  "lazyload": Object {
    "colourchips": false,
    "fitIcons": false,
    "productImages": false,
  },
  "productSummary": Object {
    "animateFavouriteIcon": false,
    "canLoadVisibleColourways": false,
    "enableBrandDisplay": false,
    "enableFav": false,
    "enableReviewStars": false,
    "enabledSearchDesc": false,
    "hasLoadedVisibleColourways": false,
    "isFav": false,
    "isLoadingFav": false,
    "showFavErrorToolTip": null,
    "summaryData": Object {
      "baseUrl": "http://test.co.uk",
      "brand": "nike",
      "colourways": Array [
        Object {
          "colour": "White",
          "colourChipImage": "http://testcdn.co.uk/AltItemSwatch/21x21/99434296.jpg",
          "fits": Array [
            "Tall",
          ],
          "id": "99434296",
          "mainImage": "http://testcdn.co.uk/search/224x336/99434296.jpg",
          "minPrice": "£123",
          "overallStarRating": 0,
          "personalisedType": "Test",
          "price": "£123",
          "salePrice": null,
          "selected": true,
          "title": "White",
          "url": "g5990s21/845632#845632",
          "wasPrice": null,
        },
        Object {
          "colour": "Black",
          "colourChipImage": "http://testcdn.co.uk/AltItemSwatch/21x21/434296.jpg",
          "fits": Array [
            "Tall",
            "Petite",
          ],
          "id": "434296",
          "mainImage": "http://testcdn.co.uk/search/224x336/434296.jpg",
          "minPrice": "£99",
          "overallStarRating": 4,
          "personalisedType": "Test",
          "price": "£99",
          "salePrice": null,
          "selected": false,
          "title": "Black",
          "url": "g5990s21/845632#845632",
          "wasPrice": null,
        },
      ],
      "currencyCode": "GBP",
      "department": "menswear",
      "fit": "tall",
      "id": "00000",
      "imageCdnUrl": "http://testcdn.co.uk",
      "productImageUrlPart": "search",
      "saleSash": null,
      "saleSashPosition": null,
      "showNewIn": false,
      "title": "My Product",
      "type": "product",
    },
  },
  "request": Object {
    "headers": Object {
      "x-monorepo-language": "en",
    },
    "isEnglishLang": true,
  },
  "text": Object {
    "buttons": Object {
      "chevronAlt": "Accordion chevron icon",
      "manageFavourites": "MANAGE FAVOURITES",
      "register": "Register",
      "signIn": "Sign in",
      "signOut": "Sign out",
      "viewLessColourchips": "View less colours",
      "viewMoreColourchips": "View more colours",
    },
    "favouriteStates": Object {
      "active": "Active",
      "inactive": "Inactive",
      "loading": "Loading",
    },
    "fitIconAltText": "Product Summary fit icon",
    "labels": Object {
      "apostrophe": "'s",
      "continueShopping": "Continue shopping",
      "favouritesAddedInfo": "This item has been added to",
      "favouritesList": "favourites list.",
      "favouritesSavePermanently": "an account to save these items permanently.",
      "jacket": "Jacket",
      "maxLimitReached": "Max limit reached",
      "maxLimitReachedItems": "You have reached your limit of",
      "maxLimitReachedReview": "items. Please review your Favourites List to keep this item.",
      "newIn": "new in",
      "not": "Not",
      "or": "or",
      "pleaseTryAgain": "Please try again",
      "questionSymbol": "?",
      "suitPrice": "Suit Price",
      "trousers": "Trousers",
    },
    "price": Object {
      "from": "From",
      "mobileNow": "Now",
      "mobileWas": "Was",
      "now": "Now",
      "was": "Was",
    },
    "product": Object {
      "favourites": "Favourites",
    },
  },
  "textAlignment": "ltr",
}
`;
